[2025-01-08 15:48:02] [INFO] Starting dashboard data fetch 
[2025-01-08 15:48:02] [INFO] Database connection successful 
[2025-01-08 15:48:02] [INFO] Executing summary query 
[2025-01-08 15:48:02] [INFO] Summary data fetched {"data":{"totalProducts":"14","totalInventoryValue":"16772959.00"}}
[2025-01-08 15:48:02] [INFO] Executing recent transactions query 
[2025-01-08 15:48:02] [INFO] Recent transactions data fetched {"data":[{"Transaction_ID":"11","Product_Name":"iPhone 14","Transaction_Type":"Purchase","Quantity":"12","Transaction_Date":"2025-01-05","Remarks":"In stock"},{"Transaction_ID":"8","Product_Name":"Lenovo Tab Plus Wi-Fi Android Tablet","Transaction_Type":"Purchase","Quantity":"20","Transaction_Date":"2025-01-03","Remarks":"Initial stock entry for Lenovo Tab Plus Wi-Fi Android Tablet"},{"Transaction_ID":"9","Product_Name":"Laptop Charger for Acer Aspire 5","Transaction_Type":"Purchase","Quantity":"10","Transaction_Date":"2025-01-03","Remarks":"Initial stock entry for Laptop Charger for Acer Aspire 5"},{"Transaction_ID":"10","Product_Name":"Apple AirPods 4 Wireless Earbuds","Transaction_Type":"Purchase","Quantity":"12","Transaction_Date":"2025-01-03","Remarks":"Initial stock entry for Apple AirPods 4 Wireless Earbuds"},{"Transaction_ID":"6","Product_Name":"samsung tab s9","Transaction_Type":"Purchase","Quantity":"15","Transaction_Date":"2025-01-02","Remarks":"Initial stock entry for samsung tab s9"}]}
[2025-01-08 15:48:02] [INFO] Executing category distribution query 
[2025-01-08 15:48:02] [INFO] Category distribution data fetched {"data":[{"Category_Name":"Smartphones","product_count":"3","total_stock":"82","category_value":"7309943.00"},{"Category_Name":"Laptops","product_count":"2","total_stock":"80","category_value":"4550000.00"},{"Category_Name":"Tablets","product_count":"3","total_stock":"50","category_value":"2544965.00"},{"Category_Name":"Wearables","product_count":"2","total_stock":"15","category_value":"2039985.00"},{"Category_Name":"Accessories","product_count":"4","total_stock":"132","category_value":"328066.00"}]}
[2025-01-08 15:48:02] [INFO] Response sent successfully 
[2025-01-08 15:51:34] [INFO] Starting dashboard data fetch 
[2025-01-08 15:51:34] [INFO] Database connection successful 
[2025-01-08 15:51:34] [INFO] Executing summary query 
[2025-01-08 15:51:34] [INFO] Summary data fetched {"data":{"totalProducts":"14","totalInventoryValue":"16772959.00"}}
[2025-01-08 15:51:34] [INFO] Executing recent transactions query 
[2025-01-08 15:51:34] [INFO] Recent transactions data fetched {"data":[{"Transaction_ID":"11","Product_Name":"iPhone 14","Transaction_Type":"Purchase","Quantity":"12","Transaction_Date":"2025-01-05","Remarks":"In stock"},{"Transaction_ID":"8","Product_Name":"Lenovo Tab Plus Wi-Fi Android Tablet","Transaction_Type":"Purchase","Quantity":"20","Transaction_Date":"2025-01-03","Remarks":"Initial stock entry for Lenovo Tab Plus Wi-Fi Android Tablet"},{"Transaction_ID":"9","Product_Name":"Laptop Charger for Acer Aspire 5","Transaction_Type":"Purchase","Quantity":"10","Transaction_Date":"2025-01-03","Remarks":"Initial stock entry for Laptop Charger for Acer Aspire 5"},{"Transaction_ID":"10","Product_Name":"Apple AirPods 4 Wireless Earbuds","Transaction_Type":"Purchase","Quantity":"12","Transaction_Date":"2025-01-03","Remarks":"Initial stock entry for Apple AirPods 4 Wireless Earbuds"},{"Transaction_ID":"6","Product_Name":"samsung tab s9","Transaction_Type":"Purchase","Quantity":"15","Transaction_Date":"2025-01-02","Remarks":"Initial stock entry for samsung tab s9"}]}
[2025-01-08 15:51:34] [INFO] Executing category distribution query 
[2025-01-08 15:51:34] [INFO] Category distribution data fetched {"data":[{"Category_Name":"Smartphones","product_count":"3","total_stock":"82","category_value":"7309943.00"},{"Category_Name":"Laptops","product_count":"2","total_stock":"80","category_value":"4550000.00"},{"Category_Name":"Tablets","product_count":"3","total_stock":"50","category_value":"2544965.00"},{"Category_Name":"Wearables","product_count":"2","total_stock":"15","category_value":"2039985.00"},{"Category_Name":"Accessories","product_count":"4","total_stock":"132","category_value":"328066.00"}]}
[2025-01-08 15:51:34] [INFO] Response sent successfully 
[2025-01-08 15:52:00] [INFO] Starting dashboard data fetch 
[2025-01-08 15:52:00] [INFO] Database connection successful 
[2025-01-08 15:52:00] [INFO] Executing summary query 
[2025-01-08 15:52:00] [INFO] Summary data fetched {"data":{"totalProducts":"14","totalInventoryValue":"16772959.00"}}
[2025-01-08 15:52:00] [INFO] Executing recent transactions query 
[2025-01-08 15:52:00] [INFO] Recent transactions data fetched {"data":[{"Transaction_ID":"11","Product_Name":"iPhone 14","Transaction_Type":"Purchase","Quantity":"12","Transaction_Date":"2025-01-05","Remarks":"In stock"},{"Transaction_ID":"8","Product_Name":"Lenovo Tab Plus Wi-Fi Android Tablet","Transaction_Type":"Purchase","Quantity":"20","Transaction_Date":"2025-01-03","Remarks":"Initial stock entry for Lenovo Tab Plus Wi-Fi Android Tablet"},{"Transaction_ID":"9","Product_Name":"Laptop Charger for Acer Aspire 5","Transaction_Type":"Purchase","Quantity":"10","Transaction_Date":"2025-01-03","Remarks":"Initial stock entry for Laptop Charger for Acer Aspire 5"},{"Transaction_ID":"10","Product_Name":"Apple AirPods 4 Wireless Earbuds","Transaction_Type":"Purchase","Quantity":"12","Transaction_Date":"2025-01-03","Remarks":"Initial stock entry for Apple AirPods 4 Wireless Earbuds"},{"Transaction_ID":"6","Product_Name":"samsung tab s9","Transaction_Type":"Purchase","Quantity":"15","Transaction_Date":"2025-01-02","Remarks":"Initial stock entry for samsung tab s9"}]}
[2025-01-08 15:52:00] [INFO] Executing category distribution query 
[2025-01-08 15:52:00] [INFO] Category distribution data fetched {"data":[{"Category_Name":"Smartphones","product_count":"3","total_stock":"82","category_value":"7309943.00"},{"Category_Name":"Laptops","product_count":"2","total_stock":"80","category_value":"4550000.00"},{"Category_Name":"Tablets","product_count":"3","total_stock":"50","category_value":"2544965.00"},{"Category_Name":"Wearables","product_count":"2","total_stock":"15","category_value":"2039985.00"},{"Category_Name":"Accessories","product_count":"4","total_stock":"132","category_value":"328066.00"}]}
[2025-01-08 15:52:00] [INFO] Response sent successfully 
[2025-01-08 15:52:22] [INFO] Starting dashboard data fetch 
[2025-01-08 15:52:22] [INFO] Database connection successful 
[2025-01-08 15:52:22] [INFO] Executing summary query 
[2025-01-08 15:52:22] [INFO] Summary data fetched {"data":{"totalProducts":"14","totalInventoryValue":"16772959.00"}}
[2025-01-08 15:52:22] [INFO] Executing recent transactions query 
[2025-01-08 15:52:23] [INFO] Recent transactions data fetched {"data":[{"Transaction_ID":"11","Product_Name":"iPhone 14","Transaction_Type":"Purchase","Quantity":"12","Transaction_Date":"2025-01-05","Remarks":"In stock"},{"Transaction_ID":"8","Product_Name":"Lenovo Tab Plus Wi-Fi Android Tablet","Transaction_Type":"Purchase","Quantity":"20","Transaction_Date":"2025-01-03","Remarks":"Initial stock entry for Lenovo Tab Plus Wi-Fi Android Tablet"},{"Transaction_ID":"9","Product_Name":"Laptop Charger for Acer Aspire 5","Transaction_Type":"Purchase","Quantity":"10","Transaction_Date":"2025-01-03","Remarks":"Initial stock entry for Laptop Charger for Acer Aspire 5"},{"Transaction_ID":"10","Product_Name":"Apple AirPods 4 Wireless Earbuds","Transaction_Type":"Purchase","Quantity":"12","Transaction_Date":"2025-01-03","Remarks":"Initial stock entry for Apple AirPods 4 Wireless Earbuds"},{"Transaction_ID":"6","Product_Name":"samsung tab s9","Transaction_Type":"Purchase","Quantity":"15","Transaction_Date":"2025-01-02","Remarks":"Initial stock entry for samsung tab s9"}]}
[2025-01-08 15:52:23] [INFO] Executing category distribution query 
[2025-01-08 15:52:23] [INFO] Category distribution data fetched {"data":[{"Category_Name":"Smartphones","product_count":"3","total_stock":"82","category_value":"7309943.00"},{"Category_Name":"Laptops","product_count":"2","total_stock":"80","category_value":"4550000.00"},{"Category_Name":"Tablets","product_count":"3","total_stock":"50","category_value":"2544965.00"},{"Category_Name":"Wearables","product_count":"2","total_stock":"15","category_value":"2039985.00"},{"Category_Name":"Accessories","product_count":"4","total_stock":"132","category_value":"328066.00"}]}
[2025-01-08 15:52:23] [INFO] Response sent successfully 
[2025-01-08 15:53:07] [INFO] Starting dashboard data fetch 
[2025-01-08 15:53:07] [INFO] Database connection successful 
[2025-01-08 15:53:07] [INFO] Executing summary query 
[2025-01-08 15:53:07] [INFO] Summary data fetched {"data":{"totalProducts":"14","totalInventoryValue":"16772959.00"}}
[2025-01-08 15:53:07] [INFO] Executing recent transactions query 
[2025-01-08 15:53:07] [INFO] Recent transactions data fetched {"data":[{"Transaction_ID":"11","Product_Name":"iPhone 14","Transaction_Type":"Purchase","Quantity":"12","Transaction_Date":"2025-01-05","Remarks":"In stock"},{"Transaction_ID":"8","Product_Name":"Lenovo Tab Plus Wi-Fi Android Tablet","Transaction_Type":"Purchase","Quantity":"20","Transaction_Date":"2025-01-03","Remarks":"Initial stock entry for Lenovo Tab Plus Wi-Fi Android Tablet"},{"Transaction_ID":"9","Product_Name":"Laptop Charger for Acer Aspire 5","Transaction_Type":"Purchase","Quantity":"10","Transaction_Date":"2025-01-03","Remarks":"Initial stock entry for Laptop Charger for Acer Aspire 5"},{"Transaction_ID":"10","Product_Name":"Apple AirPods 4 Wireless Earbuds","Transaction_Type":"Purchase","Quantity":"12","Transaction_Date":"2025-01-03","Remarks":"Initial stock entry for Apple AirPods 4 Wireless Earbuds"},{"Transaction_ID":"6","Product_Name":"samsung tab s9","Transaction_Type":"Purchase","Quantity":"15","Transaction_Date":"2025-01-02","Remarks":"Initial stock entry for samsung tab s9"}]}
[2025-01-08 15:53:07] [INFO] Executing category distribution query 
[2025-01-08 15:53:07] [INFO] Category distribution data fetched {"data":[{"Category_Name":"Smartphones","product_count":"3","total_stock":"82","category_value":"7309943.00"},{"Category_Name":"Laptops","product_count":"2","total_stock":"80","category_value":"4550000.00"},{"Category_Name":"Tablets","product_count":"3","total_stock":"50","category_value":"2544965.00"},{"Category_Name":"Wearables","product_count":"2","total_stock":"15","category_value":"2039985.00"},{"Category_Name":"Accessories","product_count":"4","total_stock":"132","category_value":"328066.00"}]}
[2025-01-08 15:53:07] [INFO] Response sent successfully 
[2025-01-08 15:57:00] [INFO] Starting dashboard data fetch 
[2025-01-08 15:57:00] [INFO] Database connection successful 
[2025-01-08 15:57:00] [INFO] Executing summary query 
[2025-01-08 15:57:00] [INFO] Summary data fetched {"data":{"totalProducts":"14","totalInventoryValue":"16772959.00"}}
[2025-01-08 15:57:00] [INFO] Executing recent transactions query 
[2025-01-08 15:57:00] [INFO] Recent transactions data fetched {"data":[{"Transaction_ID":"11","Product_Name":"iPhone 14","Transaction_Type":"Purchase","Quantity":"12","Transaction_Date":"2025-01-05","Remarks":"In stock"},{"Transaction_ID":"8","Product_Name":"Lenovo Tab Plus Wi-Fi Android Tablet","Transaction_Type":"Purchase","Quantity":"20","Transaction_Date":"2025-01-03","Remarks":"Initial stock entry for Lenovo Tab Plus Wi-Fi Android Tablet"},{"Transaction_ID":"9","Product_Name":"Laptop Charger for Acer Aspire 5","Transaction_Type":"Purchase","Quantity":"10","Transaction_Date":"2025-01-03","Remarks":"Initial stock entry for Laptop Charger for Acer Aspire 5"},{"Transaction_ID":"10","Product_Name":"Apple AirPods 4 Wireless Earbuds","Transaction_Type":"Purchase","Quantity":"12","Transaction_Date":"2025-01-03","Remarks":"Initial stock entry for Apple AirPods 4 Wireless Earbuds"},{"Transaction_ID":"6","Product_Name":"samsung tab s9","Transaction_Type":"Purchase","Quantity":"15","Transaction_Date":"2025-01-02","Remarks":"Initial stock entry for samsung tab s9"}]}
[2025-01-08 15:57:00] [INFO] Executing category distribution query 
[2025-01-08 15:57:00] [INFO] Category distribution data fetched {"data":[{"Category_Name":"Smartphones","product_count":"3","total_stock":"82","category_value":"7309943.00"},{"Category_Name":"Laptops","product_count":"2","total_stock":"80","category_value":"4550000.00"},{"Category_Name":"Tablets","product_count":"3","total_stock":"50","category_value":"2544965.00"},{"Category_Name":"Wearables","product_count":"2","total_stock":"15","category_value":"2039985.00"},{"Category_Name":"Accessories","product_count":"4","total_stock":"132","category_value":"328066.00"}]}
[2025-01-08 15:57:00] [INFO] Response sent successfully 
[2025-01-08 15:57:23] [INFO] Starting dashboard data fetch 
[2025-01-08 15:57:23] [INFO] Database connection successful 
[2025-01-08 15:57:23] [INFO] Executing summary query 
[2025-01-08 15:57:23] [INFO] Summary data fetched {"data":{"totalProducts":"14","totalInventoryValue":"16772959.00"}}
[2025-01-08 15:57:23] [INFO] Executing recent transactions query 
[2025-01-08 15:57:23] [INFO] Recent transactions data fetched {"data":[{"Transaction_ID":"11","Product_Name":"iPhone 14","Transaction_Type":"Purchase","Quantity":"12","Transaction_Date":"2025-01-05","Remarks":"In stock"},{"Transaction_ID":"8","Product_Name":"Lenovo Tab Plus Wi-Fi Android Tablet","Transaction_Type":"Purchase","Quantity":"20","Transaction_Date":"2025-01-03","Remarks":"Initial stock entry for Lenovo Tab Plus Wi-Fi Android Tablet"},{"Transaction_ID":"9","Product_Name":"Laptop Charger for Acer Aspire 5","Transaction_Type":"Purchase","Quantity":"10","Transaction_Date":"2025-01-03","Remarks":"Initial stock entry for Laptop Charger for Acer Aspire 5"},{"Transaction_ID":"10","Product_Name":"Apple AirPods 4 Wireless Earbuds","Transaction_Type":"Purchase","Quantity":"12","Transaction_Date":"2025-01-03","Remarks":"Initial stock entry for Apple AirPods 4 Wireless Earbuds"},{"Transaction_ID":"6","Product_Name":"samsung tab s9","Transaction_Type":"Purchase","Quantity":"15","Transaction_Date":"2025-01-02","Remarks":"Initial stock entry for samsung tab s9"}]}
[2025-01-08 15:57:23] [INFO] Executing category distribution query 
[2025-01-08 15:57:23] [INFO] Category distribution data fetched {"data":[{"Category_Name":"Smartphones","product_count":"3","total_stock":"82","category_value":"7309943.00"},{"Category_Name":"Laptops","product_count":"2","total_stock":"80","category_value":"4550000.00"},{"Category_Name":"Tablets","product_count":"3","total_stock":"50","category_value":"2544965.00"},{"Category_Name":"Wearables","product_count":"2","total_stock":"15","category_value":"2039985.00"},{"Category_Name":"Accessories","product_count":"4","total_stock":"132","category_value":"328066.00"}]}
[2025-01-08 15:57:23] [INFO] Response sent successfully 
[2025-01-08 15:58:08] [INFO] Starting dashboard data fetch 
[2025-01-08 15:58:08] [INFO] Database connection successful 
[2025-01-08 15:58:08] [INFO] Executing summary query 
[2025-01-08 15:58:08] [INFO] Summary data fetched {"data":{"totalProducts":"14","totalInventoryValue":"16772959.00"}}
[2025-01-08 15:58:08] [INFO] Executing recent transactions query 
[2025-01-08 15:58:08] [INFO] Recent transactions data fetched {"data":[{"Transaction_ID":"11","Product_Name":"iPhone 14","Transaction_Type":"Purchase","Quantity":"12","Transaction_Date":"2025-01-05","Remarks":"In stock"},{"Transaction_ID":"8","Product_Name":"Lenovo Tab Plus Wi-Fi Android Tablet","Transaction_Type":"Purchase","Quantity":"20","Transaction_Date":"2025-01-03","Remarks":"Initial stock entry for Lenovo Tab Plus Wi-Fi Android Tablet"},{"Transaction_ID":"9","Product_Name":"Laptop Charger for Acer Aspire 5","Transaction_Type":"Purchase","Quantity":"10","Transaction_Date":"2025-01-03","Remarks":"Initial stock entry for Laptop Charger for Acer Aspire 5"},{"Transaction_ID":"10","Product_Name":"Apple AirPods 4 Wireless Earbuds","Transaction_Type":"Purchase","Quantity":"12","Transaction_Date":"2025-01-03","Remarks":"Initial stock entry for Apple AirPods 4 Wireless Earbuds"},{"Transaction_ID":"6","Product_Name":"samsung tab s9","Transaction_Type":"Purchase","Quantity":"15","Transaction_Date":"2025-01-02","Remarks":"Initial stock entry for samsung tab s9"}]}
[2025-01-08 15:58:08] [INFO] Executing category distribution query 
[2025-01-08 15:58:08] [INFO] Category distribution data fetched {"data":[{"Category_Name":"Smartphones","product_count":"3","total_stock":"82","category_value":"7309943.00"},{"Category_Name":"Laptops","product_count":"2","total_stock":"80","category_value":"4550000.00"},{"Category_Name":"Tablets","product_count":"3","total_stock":"50","category_value":"2544965.00"},{"Category_Name":"Wearables","product_count":"2","total_stock":"15","category_value":"2039985.00"},{"Category_Name":"Accessories","product_count":"4","total_stock":"132","category_value":"328066.00"}]}
[2025-01-08 15:58:08] [INFO] Response sent successfully 
[2025-01-08 15:58:13] [INFO] Starting dashboard data fetch 
[2025-01-08 15:58:13] [INFO] Database connection successful 
[2025-01-08 15:58:13] [INFO] Executing summary query 
[2025-01-08 15:58:13] [INFO] Summary data fetched {"data":{"totalProducts":"14","totalInventoryValue":"16772959.00"}}
[2025-01-08 15:58:13] [INFO] Executing recent transactions query 
[2025-01-08 15:58:13] [INFO] Recent transactions data fetched {"data":[{"Transaction_ID":"11","Product_Name":"iPhone 14","Transaction_Type":"Purchase","Quantity":"12","Transaction_Date":"2025-01-05","Remarks":"In stock"},{"Transaction_ID":"8","Product_Name":"Lenovo Tab Plus Wi-Fi Android Tablet","Transaction_Type":"Purchase","Quantity":"20","Transaction_Date":"2025-01-03","Remarks":"Initial stock entry for Lenovo Tab Plus Wi-Fi Android Tablet"},{"Transaction_ID":"9","Product_Name":"Laptop Charger for Acer Aspire 5","Transaction_Type":"Purchase","Quantity":"10","Transaction_Date":"2025-01-03","Remarks":"Initial stock entry for Laptop Charger for Acer Aspire 5"},{"Transaction_ID":"10","Product_Name":"Apple AirPods 4 Wireless Earbuds","Transaction_Type":"Purchase","Quantity":"12","Transaction_Date":"2025-01-03","Remarks":"Initial stock entry for Apple AirPods 4 Wireless Earbuds"},{"Transaction_ID":"6","Product_Name":"samsung tab s9","Transaction_Type":"Purchase","Quantity":"15","Transaction_Date":"2025-01-02","Remarks":"Initial stock entry for samsung tab s9"}]}
[2025-01-08 15:58:13] [INFO] Executing category distribution query 
[2025-01-08 15:58:13] [INFO] Category distribution data fetched {"data":[{"Category_Name":"Smartphones","product_count":"3","total_stock":"82","category_value":"7309943.00"},{"Category_Name":"Laptops","product_count":"2","total_stock":"80","category_value":"4550000.00"},{"Category_Name":"Tablets","product_count":"3","total_stock":"50","category_value":"2544965.00"},{"Category_Name":"Wearables","product_count":"2","total_stock":"15","category_value":"2039985.00"},{"Category_Name":"Accessories","product_count":"4","total_stock":"132","category_value":"328066.00"}]}
[2025-01-08 15:58:13] [INFO] Response sent successfully 
[2025-01-08 16:03:08] [INFO] Starting dashboard data fetch 
[2025-01-08 16:03:08] [INFO] Database connection successful 
[2025-01-08 16:03:08] [INFO] Executing summary query 
[2025-01-08 16:03:08] [INFO] Summary data fetched {"data":{"totalProducts":"14","totalInventoryValue":"16772959.00"}}
[2025-01-08 16:03:08] [INFO] Executing recent transactions query 
[2025-01-08 16:03:08] [INFO] Recent transactions data fetched {"data":[{"Transaction_ID":"11","Product_Name":"iPhone 14","Transaction_Type":"Purchase","Quantity":"12","Transaction_Date":"2025-01-05","Remarks":"In stock"},{"Transaction_ID":"8","Product_Name":"Lenovo Tab Plus Wi-Fi Android Tablet","Transaction_Type":"Purchase","Quantity":"20","Transaction_Date":"2025-01-03","Remarks":"Initial stock entry for Lenovo Tab Plus Wi-Fi Android Tablet"},{"Transaction_ID":"9","Product_Name":"Laptop Charger for Acer Aspire 5","Transaction_Type":"Purchase","Quantity":"10","Transaction_Date":"2025-01-03","Remarks":"Initial stock entry for Laptop Charger for Acer Aspire 5"},{"Transaction_ID":"10","Product_Name":"Apple AirPods 4 Wireless Earbuds","Transaction_Type":"Purchase","Quantity":"12","Transaction_Date":"2025-01-03","Remarks":"Initial stock entry for Apple AirPods 4 Wireless Earbuds"},{"Transaction_ID":"6","Product_Name":"samsung tab s9","Transaction_Type":"Purchase","Quantity":"15","Transaction_Date":"2025-01-02","Remarks":"Initial stock entry for samsung tab s9"}]}
[2025-01-08 16:03:08] [INFO] Executing category distribution query 
[2025-01-08 16:03:08] [INFO] Category distribution data fetched {"data":[{"Category_Name":"Smartphones","product_count":"3","total_stock":"82","category_value":"7309943.00"},{"Category_Name":"Laptops","product_count":"2","total_stock":"80","category_value":"4550000.00"},{"Category_Name":"Tablets","product_count":"3","total_stock":"50","category_value":"2544965.00"},{"Category_Name":"Wearables","product_count":"2","total_stock":"15","category_value":"2039985.00"},{"Category_Name":"Accessories","product_count":"4","total_stock":"132","category_value":"328066.00"}]}
[2025-01-08 16:03:08] [INFO] Response sent successfully 
[2025-01-08 16:03:14] [INFO] Starting dashboard data fetch 
[2025-01-08 16:03:14] [INFO] Database connection successful 
[2025-01-08 16:03:14] [INFO] Executing summary query 
[2025-01-08 16:03:14] [INFO] Summary data fetched {"data":{"totalProducts":"14","totalInventoryValue":"16772959.00"}}
[2025-01-08 16:03:14] [INFO] Executing recent transactions query 
[2025-01-08 16:03:14] [INFO] Recent transactions data fetched {"data":[{"Transaction_ID":"11","Product_Name":"iPhone 14","Transaction_Type":"Purchase","Quantity":"12","Transaction_Date":"2025-01-05","Remarks":"In stock"},{"Transaction_ID":"8","Product_Name":"Lenovo Tab Plus Wi-Fi Android Tablet","Transaction_Type":"Purchase","Quantity":"20","Transaction_Date":"2025-01-03","Remarks":"Initial stock entry for Lenovo Tab Plus Wi-Fi Android Tablet"},{"Transaction_ID":"9","Product_Name":"Laptop Charger for Acer Aspire 5","Transaction_Type":"Purchase","Quantity":"10","Transaction_Date":"2025-01-03","Remarks":"Initial stock entry for Laptop Charger for Acer Aspire 5"},{"Transaction_ID":"10","Product_Name":"Apple AirPods 4 Wireless Earbuds","Transaction_Type":"Purchase","Quantity":"12","Transaction_Date":"2025-01-03","Remarks":"Initial stock entry for Apple AirPods 4 Wireless Earbuds"},{"Transaction_ID":"6","Product_Name":"samsung tab s9","Transaction_Type":"Purchase","Quantity":"15","Transaction_Date":"2025-01-02","Remarks":"Initial stock entry for samsung tab s9"}]}
[2025-01-08 16:03:14] [INFO] Executing category distribution query 
[2025-01-08 16:03:14] [INFO] Category distribution data fetched {"data":[{"Category_Name":"Smartphones","product_count":"3","total_stock":"82","category_value":"7309943.00"},{"Category_Name":"Laptops","product_count":"2","total_stock":"80","category_value":"4550000.00"},{"Category_Name":"Tablets","product_count":"3","total_stock":"50","category_value":"2544965.00"},{"Category_Name":"Wearables","product_count":"2","total_stock":"15","category_value":"2039985.00"},{"Category_Name":"Accessories","product_count":"4","total_stock":"132","category_value":"328066.00"}]}
[2025-01-08 16:03:14] [INFO] Response sent successfully 
[2025-01-08 16:12:19] [INFO] Starting dashboard data fetch 
[2025-01-08 16:12:19] [INFO] Database connection successful 
[2025-01-08 16:12:19] [INFO] Executing summary query 
[2025-01-08 16:12:19] [INFO] Summary data fetched {"data":{"totalProducts":"14","totalInventoryValue":"16772959.00"}}
[2025-01-08 16:12:19] [INFO] Executing recent transactions query 
[2025-01-08 16:12:19] [INFO] Recent transactions data fetched {"data":[{"Transaction_ID":"11","Product_Name":"iPhone 14","Transaction_Type":"Purchase","Quantity":"12","Transaction_Date":"2025-01-05","Remarks":"In stock"},{"Transaction_ID":"8","Product_Name":"Lenovo Tab Plus Wi-Fi Android Tablet","Transaction_Type":"Purchase","Quantity":"20","Transaction_Date":"2025-01-03","Remarks":"Initial stock entry for Lenovo Tab Plus Wi-Fi Android Tablet"},{"Transaction_ID":"9","Product_Name":"Laptop Charger for Acer Aspire 5","Transaction_Type":"Purchase","Quantity":"10","Transaction_Date":"2025-01-03","Remarks":"Initial stock entry for Laptop Charger for Acer Aspire 5"},{"Transaction_ID":"10","Product_Name":"Apple AirPods 4 Wireless Earbuds","Transaction_Type":"Purchase","Quantity":"12","Transaction_Date":"2025-01-03","Remarks":"Initial stock entry for Apple AirPods 4 Wireless Earbuds"},{"Transaction_ID":"6","Product_Name":"samsung tab s9","Transaction_Type":"Purchase","Quantity":"15","Transaction_Date":"2025-01-02","Remarks":"Initial stock entry for samsung tab s9"}]}
[2025-01-08 16:12:19] [INFO] Executing category distribution query 
[2025-01-08 16:12:19] [INFO] Category distribution data fetched {"data":[{"Category_Name":"Smartphones","product_count":"3","total_stock":"82","category_value":"7309943.00"},{"Category_Name":"Laptops","product_count":"2","total_stock":"80","category_value":"4550000.00"},{"Category_Name":"Tablets","product_count":"3","total_stock":"50","category_value":"2544965.00"},{"Category_Name":"Wearables","product_count":"2","total_stock":"15","category_value":"2039985.00"},{"Category_Name":"Accessories","product_count":"4","total_stock":"132","category_value":"328066.00"}]}
[2025-01-08 16:12:19] [INFO] Response sent successfully 
[2025-01-09 02:24:14] [INFO] Starting dashboard data fetch 
[2025-01-09 02:24:14] [INFO] Database connection successful 
[2025-01-09 02:24:14] [INFO] Executing summary query 
[2025-01-09 02:24:14] [INFO] Summary data fetched {"data":{"totalProducts":"14","totalInventoryValue":"16772959.00"}}
[2025-01-09 02:24:14] [INFO] Executing recent transactions query 
[2025-01-09 02:24:14] [INFO] Recent transactions data fetched {"data":[{"Transaction_ID":"11","Product_Name":"iPhone 14","Transaction_Type":"Purchase","Quantity":"12","Transaction_Date":"2025-01-05","Remarks":"In stock"},{"Transaction_ID":"8","Product_Name":"Lenovo Tab Plus Wi-Fi Android Tablet","Transaction_Type":"Purchase","Quantity":"20","Transaction_Date":"2025-01-03","Remarks":"Initial stock entry for Lenovo Tab Plus Wi-Fi Android Tablet"},{"Transaction_ID":"9","Product_Name":"Laptop Charger for Acer Aspire 5","Transaction_Type":"Purchase","Quantity":"10","Transaction_Date":"2025-01-03","Remarks":"Initial stock entry for Laptop Charger for Acer Aspire 5"},{"Transaction_ID":"10","Product_Name":"Apple AirPods 4 Wireless Earbuds","Transaction_Type":"Purchase","Quantity":"12","Transaction_Date":"2025-01-03","Remarks":"Initial stock entry for Apple AirPods 4 Wireless Earbuds"},{"Transaction_ID":"6","Product_Name":"samsung tab s9","Transaction_Type":"Purchase","Quantity":"15","Transaction_Date":"2025-01-02","Remarks":"Initial stock entry for samsung tab s9"}]}
[2025-01-09 02:24:14] [INFO] Executing category distribution query 
[2025-01-09 02:24:14] [INFO] Category distribution data fetched {"data":[{"Category_Name":"Smartphones","product_count":"3","total_stock":"82","category_value":"7309943.00"},{"Category_Name":"Laptops","product_count":"2","total_stock":"80","category_value":"4550000.00"},{"Category_Name":"Tablets","product_count":"3","total_stock":"50","category_value":"2544965.00"},{"Category_Name":"Wearables","product_count":"2","total_stock":"15","category_value":"2039985.00"},{"Category_Name":"Accessories","product_count":"4","total_stock":"132","category_value":"328066.00"}]}
[2025-01-09 02:24:14] [INFO] Response sent successfully 
[2025-01-09 02:29:14] [INFO] Starting dashboard data fetch 
[2025-01-09 02:29:14] [INFO] Database connection successful 
[2025-01-09 02:29:14] [INFO] Executing summary query 
[2025-01-09 02:29:14] [INFO] Summary data fetched {"data":{"totalProducts":"14","totalInventoryValue":"16772959.00"}}
[2025-01-09 02:29:14] [INFO] Executing recent transactions query 
[2025-01-09 02:29:14] [INFO] Recent transactions data fetched {"data":[{"Transaction_ID":"11","Product_Name":"iPhone 14","Transaction_Type":"Purchase","Quantity":"12","Transaction_Date":"2025-01-05","Remarks":"In stock"},{"Transaction_ID":"8","Product_Name":"Lenovo Tab Plus Wi-Fi Android Tablet","Transaction_Type":"Purchase","Quantity":"20","Transaction_Date":"2025-01-03","Remarks":"Initial stock entry for Lenovo Tab Plus Wi-Fi Android Tablet"},{"Transaction_ID":"9","Product_Name":"Laptop Charger for Acer Aspire 5","Transaction_Type":"Purchase","Quantity":"10","Transaction_Date":"2025-01-03","Remarks":"Initial stock entry for Laptop Charger for Acer Aspire 5"},{"Transaction_ID":"10","Product_Name":"Apple AirPods 4 Wireless Earbuds","Transaction_Type":"Purchase","Quantity":"12","Transaction_Date":"2025-01-03","Remarks":"Initial stock entry for Apple AirPods 4 Wireless Earbuds"},{"Transaction_ID":"6","Product_Name":"samsung tab s9","Transaction_Type":"Purchase","Quantity":"15","Transaction_Date":"2025-01-02","Remarks":"Initial stock entry for samsung tab s9"}]}
[2025-01-09 02:29:14] [INFO] Executing category distribution query 
[2025-01-09 02:29:14] [INFO] Category distribution data fetched {"data":[{"Category_Name":"Smartphones","product_count":"3","total_stock":"82","category_value":"7309943.00"},{"Category_Name":"Laptops","product_count":"2","total_stock":"80","category_value":"4550000.00"},{"Category_Name":"Tablets","product_count":"3","total_stock":"50","category_value":"2544965.00"},{"Category_Name":"Wearables","product_count":"2","total_stock":"15","category_value":"2039985.00"},{"Category_Name":"Accessories","product_count":"4","total_stock":"132","category_value":"328066.00"}]}
[2025-01-09 02:29:14] [INFO] Response sent successfully 
[2025-01-09 02:34:14] [INFO] Starting dashboard data fetch 
[2025-01-09 02:34:14] [INFO] Database connection successful 
[2025-01-09 02:34:14] [INFO] Executing summary query 
[2025-01-09 02:34:14] [INFO] Summary data fetched {"data":{"totalProducts":"14","totalInventoryValue":"16772959.00"}}
[2025-01-09 02:34:14] [INFO] Executing recent transactions query 
[2025-01-09 02:34:14] [INFO] Recent transactions data fetched {"data":[{"Transaction_ID":"11","Product_Name":"iPhone 14","Transaction_Type":"Purchase","Quantity":"12","Transaction_Date":"2025-01-05","Remarks":"In stock"},{"Transaction_ID":"8","Product_Name":"Lenovo Tab Plus Wi-Fi Android Tablet","Transaction_Type":"Purchase","Quantity":"20","Transaction_Date":"2025-01-03","Remarks":"Initial stock entry for Lenovo Tab Plus Wi-Fi Android Tablet"},{"Transaction_ID":"9","Product_Name":"Laptop Charger for Acer Aspire 5","Transaction_Type":"Purchase","Quantity":"10","Transaction_Date":"2025-01-03","Remarks":"Initial stock entry for Laptop Charger for Acer Aspire 5"},{"Transaction_ID":"10","Product_Name":"Apple AirPods 4 Wireless Earbuds","Transaction_Type":"Purchase","Quantity":"12","Transaction_Date":"2025-01-03","Remarks":"Initial stock entry for Apple AirPods 4 Wireless Earbuds"},{"Transaction_ID":"6","Product_Name":"samsung tab s9","Transaction_Type":"Purchase","Quantity":"15","Transaction_Date":"2025-01-02","Remarks":"Initial stock entry for samsung tab s9"}]}
[2025-01-09 02:34:14] [INFO] Executing category distribution query 
[2025-01-09 02:34:14] [INFO] Category distribution data fetched {"data":[{"Category_Name":"Smartphones","product_count":"3","total_stock":"82","category_value":"7309943.00"},{"Category_Name":"Laptops","product_count":"2","total_stock":"80","category_value":"4550000.00"},{"Category_Name":"Tablets","product_count":"3","total_stock":"50","category_value":"2544965.00"},{"Category_Name":"Wearables","product_count":"2","total_stock":"15","category_value":"2039985.00"},{"Category_Name":"Accessories","product_count":"4","total_stock":"132","category_value":"328066.00"}]}
[2025-01-09 02:34:14] [INFO] Response sent successfully 
[2025-01-09 02:39:14] [INFO] Starting dashboard data fetch 
[2025-01-09 02:39:14] [INFO] Database connection successful 
[2025-01-09 02:39:14] [INFO] Executing summary query 
[2025-01-09 02:39:14] [INFO] Summary data fetched {"data":{"totalProducts":"14","totalInventoryValue":"16772959.00"}}
[2025-01-09 02:39:14] [INFO] Executing recent transactions query 
[2025-01-09 02:39:14] [INFO] Recent transactions data fetched {"data":[{"Transaction_ID":"11","Product_Name":"iPhone 14","Transaction_Type":"Purchase","Quantity":"12","Transaction_Date":"2025-01-05","Remarks":"In stock"},{"Transaction_ID":"8","Product_Name":"Lenovo Tab Plus Wi-Fi Android Tablet","Transaction_Type":"Purchase","Quantity":"20","Transaction_Date":"2025-01-03","Remarks":"Initial stock entry for Lenovo Tab Plus Wi-Fi Android Tablet"},{"Transaction_ID":"9","Product_Name":"Laptop Charger for Acer Aspire 5","Transaction_Type":"Purchase","Quantity":"10","Transaction_Date":"2025-01-03","Remarks":"Initial stock entry for Laptop Charger for Acer Aspire 5"},{"Transaction_ID":"10","Product_Name":"Apple AirPods 4 Wireless Earbuds","Transaction_Type":"Purchase","Quantity":"12","Transaction_Date":"2025-01-03","Remarks":"Initial stock entry for Apple AirPods 4 Wireless Earbuds"},{"Transaction_ID":"6","Product_Name":"samsung tab s9","Transaction_Type":"Purchase","Quantity":"15","Transaction_Date":"2025-01-02","Remarks":"Initial stock entry for samsung tab s9"}]}
[2025-01-09 02:39:14] [INFO] Executing category distribution query 
[2025-01-09 02:39:14] [INFO] Category distribution data fetched {"data":[{"Category_Name":"Smartphones","product_count":"3","total_stock":"82","category_value":"7309943.00"},{"Category_Name":"Laptops","product_count":"2","total_stock":"80","category_value":"4550000.00"},{"Category_Name":"Tablets","product_count":"3","total_stock":"50","category_value":"2544965.00"},{"Category_Name":"Wearables","product_count":"2","total_stock":"15","category_value":"2039985.00"},{"Category_Name":"Accessories","product_count":"4","total_stock":"132","category_value":"328066.00"}]}
[2025-01-09 02:39:14] [INFO] Response sent successfully 
[2025-01-09 02:44:14] [INFO] Starting dashboard data fetch 
[2025-01-09 02:44:14] [INFO] Database connection successful 
[2025-01-09 02:44:14] [INFO] Executing summary query 
[2025-01-09 02:44:14] [INFO] Summary data fetched {"data":{"totalProducts":"14","totalInventoryValue":"16772959.00"}}
[2025-01-09 02:44:14] [INFO] Executing recent transactions query 
[2025-01-09 02:44:14] [INFO] Recent transactions data fetched {"data":[{"Transaction_ID":"11","Product_Name":"iPhone 14","Transaction_Type":"Purchase","Quantity":"12","Transaction_Date":"2025-01-05","Remarks":"In stock"},{"Transaction_ID":"8","Product_Name":"Lenovo Tab Plus Wi-Fi Android Tablet","Transaction_Type":"Purchase","Quantity":"20","Transaction_Date":"2025-01-03","Remarks":"Initial stock entry for Lenovo Tab Plus Wi-Fi Android Tablet"},{"Transaction_ID":"9","Product_Name":"Laptop Charger for Acer Aspire 5","Transaction_Type":"Purchase","Quantity":"10","Transaction_Date":"2025-01-03","Remarks":"Initial stock entry for Laptop Charger for Acer Aspire 5"},{"Transaction_ID":"10","Product_Name":"Apple AirPods 4 Wireless Earbuds","Transaction_Type":"Purchase","Quantity":"12","Transaction_Date":"2025-01-03","Remarks":"Initial stock entry for Apple AirPods 4 Wireless Earbuds"},{"Transaction_ID":"6","Product_Name":"samsung tab s9","Transaction_Type":"Purchase","Quantity":"15","Transaction_Date":"2025-01-02","Remarks":"Initial stock entry for samsung tab s9"}]}
[2025-01-09 02:44:14] [INFO] Executing category distribution query 
[2025-01-09 02:44:14] [INFO] Category distribution data fetched {"data":[{"Category_Name":"Smartphones","product_count":"3","total_stock":"82","category_value":"7309943.00"},{"Category_Name":"Laptops","product_count":"2","total_stock":"80","category_value":"4550000.00"},{"Category_Name":"Tablets","product_count":"3","total_stock":"50","category_value":"2544965.00"},{"Category_Name":"Wearables","product_count":"2","total_stock":"15","category_value":"2039985.00"},{"Category_Name":"Accessories","product_count":"4","total_stock":"132","category_value":"328066.00"}]}
[2025-01-09 02:44:14] [INFO] Response sent successfully 
[2025-01-09 02:49:14] [INFO] Starting dashboard data fetch 
[2025-01-09 02:49:14] [INFO] Database connection successful 
[2025-01-09 02:49:14] [INFO] Executing summary query 
[2025-01-09 02:49:14] [INFO] Summary data fetched {"data":{"totalProducts":"14","totalInventoryValue":"16772959.00"}}
[2025-01-09 02:49:14] [INFO] Executing recent transactions query 
[2025-01-09 02:49:14] [INFO] Recent transactions data fetched {"data":[{"Transaction_ID":"11","Product_Name":"iPhone 14","Transaction_Type":"Purchase","Quantity":"12","Transaction_Date":"2025-01-05","Remarks":"In stock"},{"Transaction_ID":"8","Product_Name":"Lenovo Tab Plus Wi-Fi Android Tablet","Transaction_Type":"Purchase","Quantity":"20","Transaction_Date":"2025-01-03","Remarks":"Initial stock entry for Lenovo Tab Plus Wi-Fi Android Tablet"},{"Transaction_ID":"9","Product_Name":"Laptop Charger for Acer Aspire 5","Transaction_Type":"Purchase","Quantity":"10","Transaction_Date":"2025-01-03","Remarks":"Initial stock entry for Laptop Charger for Acer Aspire 5"},{"Transaction_ID":"10","Product_Name":"Apple AirPods 4 Wireless Earbuds","Transaction_Type":"Purchase","Quantity":"12","Transaction_Date":"2025-01-03","Remarks":"Initial stock entry for Apple AirPods 4 Wireless Earbuds"},{"Transaction_ID":"6","Product_Name":"samsung tab s9","Transaction_Type":"Purchase","Quantity":"15","Transaction_Date":"2025-01-02","Remarks":"Initial stock entry for samsung tab s9"}]}
[2025-01-09 02:49:14] [INFO] Executing category distribution query 
[2025-01-09 02:49:14] [INFO] Category distribution data fetched {"data":[{"Category_Name":"Smartphones","product_count":"3","total_stock":"82","category_value":"7309943.00"},{"Category_Name":"Laptops","product_count":"2","total_stock":"80","category_value":"4550000.00"},{"Category_Name":"Tablets","product_count":"3","total_stock":"50","category_value":"2544965.00"},{"Category_Name":"Wearables","product_count":"2","total_stock":"15","category_value":"2039985.00"},{"Category_Name":"Accessories","product_count":"4","total_stock":"132","category_value":"328066.00"}]}
[2025-01-09 02:49:14] [INFO] Response sent successfully 
[2025-01-09 02:54:14] [INFO] Starting dashboard data fetch 
[2025-01-09 02:54:14] [INFO] Database connection successful 
[2025-01-09 02:54:14] [INFO] Executing summary query 
[2025-01-09 02:54:14] [INFO] Summary data fetched {"data":{"totalProducts":"14","totalInventoryValue":"16772959.00"}}
[2025-01-09 02:54:14] [INFO] Executing recent transactions query 
[2025-01-09 02:54:14] [INFO] Recent transactions data fetched {"data":[{"Transaction_ID":"11","Product_Name":"iPhone 14","Transaction_Type":"Purchase","Quantity":"12","Transaction_Date":"2025-01-05","Remarks":"In stock"},{"Transaction_ID":"8","Product_Name":"Lenovo Tab Plus Wi-Fi Android Tablet","Transaction_Type":"Purchase","Quantity":"20","Transaction_Date":"2025-01-03","Remarks":"Initial stock entry for Lenovo Tab Plus Wi-Fi Android Tablet"},{"Transaction_ID":"9","Product_Name":"Laptop Charger for Acer Aspire 5","Transaction_Type":"Purchase","Quantity":"10","Transaction_Date":"2025-01-03","Remarks":"Initial stock entry for Laptop Charger for Acer Aspire 5"},{"Transaction_ID":"10","Product_Name":"Apple AirPods 4 Wireless Earbuds","Transaction_Type":"Purchase","Quantity":"12","Transaction_Date":"2025-01-03","Remarks":"Initial stock entry for Apple AirPods 4 Wireless Earbuds"},{"Transaction_ID":"6","Product_Name":"samsung tab s9","Transaction_Type":"Purchase","Quantity":"15","Transaction_Date":"2025-01-02","Remarks":"Initial stock entry for samsung tab s9"}]}
[2025-01-09 02:54:14] [INFO] Executing category distribution query 
[2025-01-09 02:54:14] [INFO] Category distribution data fetched {"data":[{"Category_Name":"Smartphones","product_count":"3","total_stock":"82","category_value":"7309943.00"},{"Category_Name":"Laptops","product_count":"2","total_stock":"80","category_value":"4550000.00"},{"Category_Name":"Tablets","product_count":"3","total_stock":"50","category_value":"2544965.00"},{"Category_Name":"Wearables","product_count":"2","total_stock":"15","category_value":"2039985.00"},{"Category_Name":"Accessories","product_count":"4","total_stock":"132","category_value":"328066.00"}]}
[2025-01-09 02:54:14] [INFO] Response sent successfully 
[2025-01-09 02:59:14] [INFO] Starting dashboard data fetch 
[2025-01-09 02:59:14] [INFO] Database connection successful 
[2025-01-09 02:59:14] [INFO] Executing summary query 
[2025-01-09 02:59:14] [INFO] Summary data fetched {"data":{"totalProducts":"14","totalInventoryValue":"16772959.00"}}
[2025-01-09 02:59:14] [INFO] Executing recent transactions query 
[2025-01-09 02:59:14] [INFO] Recent transactions data fetched {"data":[{"Transaction_ID":"11","Product_Name":"iPhone 14","Transaction_Type":"Purchase","Quantity":"12","Transaction_Date":"2025-01-05","Remarks":"In stock"},{"Transaction_ID":"8","Product_Name":"Lenovo Tab Plus Wi-Fi Android Tablet","Transaction_Type":"Purchase","Quantity":"20","Transaction_Date":"2025-01-03","Remarks":"Initial stock entry for Lenovo Tab Plus Wi-Fi Android Tablet"},{"Transaction_ID":"9","Product_Name":"Laptop Charger for Acer Aspire 5","Transaction_Type":"Purchase","Quantity":"10","Transaction_Date":"2025-01-03","Remarks":"Initial stock entry for Laptop Charger for Acer Aspire 5"},{"Transaction_ID":"10","Product_Name":"Apple AirPods 4 Wireless Earbuds","Transaction_Type":"Purchase","Quantity":"12","Transaction_Date":"2025-01-03","Remarks":"Initial stock entry for Apple AirPods 4 Wireless Earbuds"},{"Transaction_ID":"6","Product_Name":"samsung tab s9","Transaction_Type":"Purchase","Quantity":"15","Transaction_Date":"2025-01-02","Remarks":"Initial stock entry for samsung tab s9"}]}
[2025-01-09 02:59:14] [INFO] Executing category distribution query 
[2025-01-09 02:59:14] [INFO] Category distribution data fetched {"data":[{"Category_Name":"Smartphones","product_count":"3","total_stock":"82","category_value":"7309943.00"},{"Category_Name":"Laptops","product_count":"2","total_stock":"80","category_value":"4550000.00"},{"Category_Name":"Tablets","product_count":"3","total_stock":"50","category_value":"2544965.00"},{"Category_Name":"Wearables","product_count":"2","total_stock":"15","category_value":"2039985.00"},{"Category_Name":"Accessories","product_count":"4","total_stock":"132","category_value":"328066.00"}]}
[2025-01-09 02:59:14] [INFO] Response sent successfully 
[2025-01-09 03:02:12] [INFO] Starting dashboard data fetch 
[2025-01-09 03:02:12] [INFO] Database connection successful 
[2025-01-09 03:02:12] [INFO] Executing summary query 
[2025-01-09 03:02:12] [INFO] Summary data fetched {"data":{"totalProducts":"14","totalInventoryValue":"16772959.00"}}
[2025-01-09 03:02:12] [INFO] Executing recent transactions query 
[2025-01-09 03:02:12] [INFO] Recent transactions data fetched {"data":[{"Transaction_ID":"11","Product_Name":"iPhone 14","Transaction_Type":"Purchase","Quantity":"12","Transaction_Date":"2025-01-05","Remarks":"In stock"},{"Transaction_ID":"8","Product_Name":"Lenovo Tab Plus Wi-Fi Android Tablet","Transaction_Type":"Purchase","Quantity":"20","Transaction_Date":"2025-01-03","Remarks":"Initial stock entry for Lenovo Tab Plus Wi-Fi Android Tablet"},{"Transaction_ID":"9","Product_Name":"Laptop Charger for Acer Aspire 5","Transaction_Type":"Purchase","Quantity":"10","Transaction_Date":"2025-01-03","Remarks":"Initial stock entry for Laptop Charger for Acer Aspire 5"},{"Transaction_ID":"10","Product_Name":"Apple AirPods 4 Wireless Earbuds","Transaction_Type":"Purchase","Quantity":"12","Transaction_Date":"2025-01-03","Remarks":"Initial stock entry for Apple AirPods 4 Wireless Earbuds"},{"Transaction_ID":"6","Product_Name":"samsung tab s9","Transaction_Type":"Purchase","Quantity":"15","Transaction_Date":"2025-01-02","Remarks":"Initial stock entry for samsung tab s9"}]}
[2025-01-09 03:02:12] [INFO] Executing category distribution query 
[2025-01-09 03:02:12] [INFO] Category distribution data fetched {"data":[{"Category_Name":"Smartphones","product_count":"3","total_stock":"82","category_value":"7309943.00"},{"Category_Name":"Laptops","product_count":"2","total_stock":"80","category_value":"4550000.00"},{"Category_Name":"Tablets","product_count":"3","total_stock":"50","category_value":"2544965.00"},{"Category_Name":"Wearables","product_count":"2","total_stock":"15","category_value":"2039985.00"},{"Category_Name":"Accessories","product_count":"4","total_stock":"132","category_value":"328066.00"}]}
[2025-01-09 03:02:12] [INFO] Response sent successfully 
[2025-01-09 05:35:23] [INFO] Starting dashboard data fetch 
[2025-01-09 05:35:23] [INFO] Database connection successful 
[2025-01-09 05:35:23] [INFO] Executing summary query 
[2025-01-09 05:35:23] [INFO] Summary data fetched {"data":{"totalProducts":"14","totalInventoryValue":"16772959.00"}}
[2025-01-09 05:35:23] [INFO] Executing recent transactions query 
[2025-01-09 05:35:23] [INFO] Recent transactions data fetched {"data":[{"Transaction_ID":"11","Product_Name":"iPhone 14","Transaction_Type":"Purchase","Quantity":"12","Transaction_Date":"2025-01-05","Remarks":"In stock"},{"Transaction_ID":"8","Product_Name":"Lenovo Tab Plus Wi-Fi Android Tablet","Transaction_Type":"Purchase","Quantity":"20","Transaction_Date":"2025-01-03","Remarks":"Initial stock entry for Lenovo Tab Plus Wi-Fi Android Tablet"},{"Transaction_ID":"9","Product_Name":"Laptop Charger for Acer Aspire 5","Transaction_Type":"Purchase","Quantity":"10","Transaction_Date":"2025-01-03","Remarks":"Initial stock entry for Laptop Charger for Acer Aspire 5"},{"Transaction_ID":"10","Product_Name":"Apple AirPods 4 Wireless Earbuds","Transaction_Type":"Purchase","Quantity":"12","Transaction_Date":"2025-01-03","Remarks":"Initial stock entry for Apple AirPods 4 Wireless Earbuds"},{"Transaction_ID":"6","Product_Name":"samsung tab s9","Transaction_Type":"Purchase","Quantity":"15","Transaction_Date":"2025-01-02","Remarks":"Initial stock entry for samsung tab s9"}]}
[2025-01-09 05:35:23] [INFO] Executing category distribution query 
[2025-01-09 05:35:23] [INFO] Category distribution data fetched {"data":[{"Category_Name":"Smartphones","product_count":"3","total_stock":"82","category_value":"7309943.00"},{"Category_Name":"Laptops","product_count":"2","total_stock":"80","category_value":"4550000.00"},{"Category_Name":"Tablets","product_count":"3","total_stock":"50","category_value":"2544965.00"},{"Category_Name":"Wearables","product_count":"2","total_stock":"15","category_value":"2039985.00"},{"Category_Name":"Accessories","product_count":"4","total_stock":"132","category_value":"328066.00"}]}
[2025-01-09 05:35:23] [INFO] Response sent successfully 
[2025-01-09 07:16:15] [INFO] Starting dashboard data fetch 
[2025-01-09 07:16:15] [INFO] Database connection successful 
[2025-01-09 07:16:15] [INFO] Executing summary query 
[2025-01-09 07:16:15] [INFO] Summary data fetched {"data":{"totalProducts":"14","totalInventoryValue":"16772959.00"}}
[2025-01-09 07:16:15] [INFO] Executing recent transactions query 
[2025-01-09 07:16:15] [INFO] Recent transactions data fetched {"data":[{"Transaction_ID":"11","Product_Name":"iPhone 14","Transaction_Type":"Purchase","Quantity":"12","Transaction_Date":"2025-01-05","Remarks":"In stock"},{"Transaction_ID":"8","Product_Name":"Lenovo Tab Plus Wi-Fi Android Tablet","Transaction_Type":"Purchase","Quantity":"20","Transaction_Date":"2025-01-03","Remarks":"Initial stock entry for Lenovo Tab Plus Wi-Fi Android Tablet"},{"Transaction_ID":"9","Product_Name":"Laptop Charger for Acer Aspire 5","Transaction_Type":"Purchase","Quantity":"10","Transaction_Date":"2025-01-03","Remarks":"Initial stock entry for Laptop Charger for Acer Aspire 5"},{"Transaction_ID":"10","Product_Name":"Apple AirPods 4 Wireless Earbuds","Transaction_Type":"Purchase","Quantity":"12","Transaction_Date":"2025-01-03","Remarks":"Initial stock entry for Apple AirPods 4 Wireless Earbuds"},{"Transaction_ID":"6","Product_Name":"samsung tab s9","Transaction_Type":"Purchase","Quantity":"15","Transaction_Date":"2025-01-02","Remarks":"Initial stock entry for samsung tab s9"}]}
[2025-01-09 07:16:15] [INFO] Executing category distribution query 
[2025-01-09 07:16:15] [INFO] Category distribution data fetched {"data":[{"Category_Name":"Smartphones","product_count":"3","total_stock":"82","category_value":"7309943.00"},{"Category_Name":"Laptops","product_count":"2","total_stock":"80","category_value":"4550000.00"},{"Category_Name":"Tablets","product_count":"3","total_stock":"50","category_value":"2544965.00"},{"Category_Name":"Wearables","product_count":"2","total_stock":"15","category_value":"2039985.00"},{"Category_Name":"Accessories","product_count":"4","total_stock":"132","category_value":"328066.00"}]}
[2025-01-09 07:16:15] [INFO] Response sent successfully 
[2025-01-09 07:17:01] [INFO] Starting dashboard data fetch 
[2025-01-09 07:17:01] [INFO] Database connection successful 
[2025-01-09 07:17:01] [INFO] Executing summary query 
[2025-01-09 07:17:01] [INFO] Summary data fetched {"data":{"totalProducts":"14","totalInventoryValue":"17132959.00"}}
[2025-01-09 07:17:01] [INFO] Executing recent transactions query 
[2025-01-09 07:17:01] [INFO] Recent transactions data fetched {"data":[{"Transaction_ID":"12","Product_Name":"HP Pavilion 14","Transaction_Type":"Purchase","Quantity":"6","Transaction_Date":"2025-01-09","Remarks":"good"},{"Transaction_ID":"11","Product_Name":"iPhone 14","Transaction_Type":"Purchase","Quantity":"12","Transaction_Date":"2025-01-05","Remarks":"In stock"},{"Transaction_ID":"8","Product_Name":"Lenovo Tab Plus Wi-Fi Android Tablet","Transaction_Type":"Purchase","Quantity":"20","Transaction_Date":"2025-01-03","Remarks":"Initial stock entry for Lenovo Tab Plus Wi-Fi Android Tablet"},{"Transaction_ID":"9","Product_Name":"Laptop Charger for Acer Aspire 5","Transaction_Type":"Purchase","Quantity":"10","Transaction_Date":"2025-01-03","Remarks":"Initial stock entry for Laptop Charger for Acer Aspire 5"},{"Transaction_ID":"10","Product_Name":"Apple AirPods 4 Wireless Earbuds","Transaction_Type":"Purchase","Quantity":"12","Transaction_Date":"2025-01-03","Remarks":"Initial stock entry for Apple AirPods 4 Wireless Earbuds"}]}
[2025-01-09 07:17:01] [INFO] Executing category distribution query 
[2025-01-09 07:17:01] [INFO] Category distribution data fetched {"data":[{"Category_Name":"Smartphones","product_count":"3","total_stock":"82","category_value":"7309943.00"},{"Category_Name":"Laptops","product_count":"2","total_stock":"86","category_value":"4910000.00"},{"Category_Name":"Tablets","product_count":"3","total_stock":"50","category_value":"2544965.00"},{"Category_Name":"Wearables","product_count":"2","total_stock":"15","category_value":"2039985.00"},{"Category_Name":"Accessories","product_count":"4","total_stock":"132","category_value":"328066.00"}]}
[2025-01-09 07:17:01] [INFO] Response sent successfully 
[2025-01-09 07:17:50] [INFO] Starting dashboard data fetch 
[2025-01-09 07:17:50] [INFO] Database connection successful 
[2025-01-09 07:17:50] [INFO] Executing summary query 
[2025-01-09 07:17:50] [INFO] Summary data fetched {"data":{"totalProducts":"15","totalInventoryValue":"17180959.00"}}
[2025-01-09 07:17:50] [INFO] Executing recent transactions query 
[2025-01-09 07:17:50] [INFO] Recent transactions data fetched {"data":[{"Transaction_ID":"12","Product_Name":"HP Pavilion 14","Transaction_Type":"Purchase","Quantity":"6","Transaction_Date":"2025-01-09","Remarks":"good"},{"Transaction_ID":"13","Product_Name":"Lenovo Tab Plus Wi-Fi Android Tablet","Transaction_Type":"Purchase","Quantity":"6","Transaction_Date":"2025-01-09","Remarks":"Initial stock entry for Lenovo Tab Plus Wi-Fi Android Tablet"},{"Transaction_ID":"11","Product_Name":"iPhone 14","Transaction_Type":"Purchase","Quantity":"12","Transaction_Date":"2025-01-05","Remarks":"In stock"},{"Transaction_ID":"8","Product_Name":"Lenovo Tab Plus Wi-Fi Android Tablet","Transaction_Type":"Purchase","Quantity":"20","Transaction_Date":"2025-01-03","Remarks":"Initial stock entry for Lenovo Tab Plus Wi-Fi Android Tablet"},{"Transaction_ID":"9","Product_Name":"Laptop Charger for Acer Aspire 5","Transaction_Type":"Purchase","Quantity":"10","Transaction_Date":"2025-01-03","Remarks":"Initial stock entry for Laptop Charger for Acer Aspire 5"}]}
[2025-01-09 07:17:50] [INFO] Executing category distribution query 
[2025-01-09 07:17:50] [INFO] Category distribution data fetched {"data":[{"Category_Name":"Smartphones","product_count":"3","total_stock":"82","category_value":"7309943.00"},{"Category_Name":"Laptops","product_count":"2","total_stock":"86","category_value":"4910000.00"},{"Category_Name":"Tablets","product_count":"3","total_stock":"50","category_value":"2544965.00"},{"Category_Name":"Wearables","product_count":"2","total_stock":"15","category_value":"2039985.00"},{"Category_Name":"Accessories","product_count":"5","total_stock":"138","category_value":"376066.00"}]}
[2025-01-09 07:17:50] [INFO] Response sent successfully 
[2025-01-09 07:22:50] [INFO] Starting dashboard data fetch 
[2025-01-09 07:22:50] [INFO] Database connection successful 
[2025-01-09 07:22:50] [INFO] Executing summary query 
[2025-01-09 07:22:50] [INFO] Summary data fetched {"data":{"totalProducts":"15","totalInventoryValue":"17180959.00"}}
[2025-01-09 07:22:50] [INFO] Executing recent transactions query 
[2025-01-09 07:22:50] [INFO] Recent transactions data fetched {"data":[{"Transaction_ID":"12","Product_Name":"HP Pavilion 14","Transaction_Type":"Purchase","Quantity":"6","Transaction_Date":"2025-01-09","Remarks":"good"},{"Transaction_ID":"13","Product_Name":"Lenovo Tab Plus Wi-Fi Android Tablet","Transaction_Type":"Purchase","Quantity":"6","Transaction_Date":"2025-01-09","Remarks":"Initial stock entry for Lenovo Tab Plus Wi-Fi Android Tablet"},{"Transaction_ID":"11","Product_Name":"iPhone 14","Transaction_Type":"Purchase","Quantity":"12","Transaction_Date":"2025-01-05","Remarks":"In stock"},{"Transaction_ID":"8","Product_Name":"Lenovo Tab Plus Wi-Fi Android Tablet","Transaction_Type":"Purchase","Quantity":"20","Transaction_Date":"2025-01-03","Remarks":"Initial stock entry for Lenovo Tab Plus Wi-Fi Android Tablet"},{"Transaction_ID":"9","Product_Name":"Laptop Charger for Acer Aspire 5","Transaction_Type":"Purchase","Quantity":"10","Transaction_Date":"2025-01-03","Remarks":"Initial stock entry for Laptop Charger for Acer Aspire 5"}]}
[2025-01-09 07:22:50] [INFO] Executing category distribution query 
[2025-01-09 07:22:50] [INFO] Category distribution data fetched {"data":[{"Category_Name":"Smartphones","product_count":"3","total_stock":"82","category_value":"7309943.00"},{"Category_Name":"Laptops","product_count":"2","total_stock":"86","category_value":"4910000.00"},{"Category_Name":"Tablets","product_count":"3","total_stock":"50","category_value":"2544965.00"},{"Category_Name":"Wearables","product_count":"2","total_stock":"15","category_value":"2039985.00"},{"Category_Name":"Accessories","product_count":"5","total_stock":"138","category_value":"376066.00"}]}
[2025-01-09 07:22:50] [INFO] Response sent successfully 
[2025-01-09 07:27:50] [INFO] Starting dashboard data fetch 
[2025-01-09 07:27:50] [INFO] Database connection successful 
[2025-01-09 07:27:50] [INFO] Executing summary query 
[2025-01-09 07:27:50] [INFO] Summary data fetched {"data":{"totalProducts":"15","totalInventoryValue":"17180959.00"}}
[2025-01-09 07:27:50] [INFO] Executing recent transactions query 
[2025-01-09 07:27:50] [INFO] Recent transactions data fetched {"data":[{"Transaction_ID":"12","Product_Name":"HP Pavilion 14","Transaction_Type":"Purchase","Quantity":"6","Transaction_Date":"2025-01-09","Remarks":"good"},{"Transaction_ID":"13","Product_Name":"Lenovo Tab Plus Wi-Fi Android Tablet","Transaction_Type":"Purchase","Quantity":"6","Transaction_Date":"2025-01-09","Remarks":"Initial stock entry for Lenovo Tab Plus Wi-Fi Android Tablet"},{"Transaction_ID":"11","Product_Name":"iPhone 14","Transaction_Type":"Purchase","Quantity":"12","Transaction_Date":"2025-01-05","Remarks":"In stock"},{"Transaction_ID":"8","Product_Name":"Lenovo Tab Plus Wi-Fi Android Tablet","Transaction_Type":"Purchase","Quantity":"20","Transaction_Date":"2025-01-03","Remarks":"Initial stock entry for Lenovo Tab Plus Wi-Fi Android Tablet"},{"Transaction_ID":"9","Product_Name":"Laptop Charger for Acer Aspire 5","Transaction_Type":"Purchase","Quantity":"10","Transaction_Date":"2025-01-03","Remarks":"Initial stock entry for Laptop Charger for Acer Aspire 5"}]}
[2025-01-09 07:27:50] [INFO] Executing category distribution query 
[2025-01-09 07:27:50] [INFO] Category distribution data fetched {"data":[{"Category_Name":"Smartphones","product_count":"3","total_stock":"82","category_value":"7309943.00"},{"Category_Name":"Laptops","product_count":"2","total_stock":"86","category_value":"4910000.00"},{"Category_Name":"Tablets","product_count":"3","total_stock":"50","category_value":"2544965.00"},{"Category_Name":"Wearables","product_count":"2","total_stock":"15","category_value":"2039985.00"},{"Category_Name":"Accessories","product_count":"5","total_stock":"138","category_value":"376066.00"}]}
[2025-01-09 07:27:50] [INFO] Response sent successfully 
[2025-01-09 07:32:50] [INFO] Starting dashboard data fetch 
[2025-01-09 07:32:50] [INFO] Database connection successful 
[2025-01-09 07:32:50] [INFO] Executing summary query 
[2025-01-09 07:32:50] [INFO] Summary data fetched {"data":{"totalProducts":"15","totalInventoryValue":"17180959.00"}}
[2025-01-09 07:32:50] [INFO] Executing recent transactions query 
[2025-01-09 07:32:50] [INFO] Recent transactions data fetched {"data":[{"Transaction_ID":"12","Product_Name":"HP Pavilion 14","Transaction_Type":"Purchase","Quantity":"6","Transaction_Date":"2025-01-09","Remarks":"good"},{"Transaction_ID":"13","Product_Name":"Lenovo Tab Plus Wi-Fi Android Tablet","Transaction_Type":"Purchase","Quantity":"6","Transaction_Date":"2025-01-09","Remarks":"Initial stock entry for Lenovo Tab Plus Wi-Fi Android Tablet"},{"Transaction_ID":"11","Product_Name":"iPhone 14","Transaction_Type":"Purchase","Quantity":"12","Transaction_Date":"2025-01-05","Remarks":"In stock"},{"Transaction_ID":"8","Product_Name":"Lenovo Tab Plus Wi-Fi Android Tablet","Transaction_Type":"Purchase","Quantity":"20","Transaction_Date":"2025-01-03","Remarks":"Initial stock entry for Lenovo Tab Plus Wi-Fi Android Tablet"},{"Transaction_ID":"9","Product_Name":"Laptop Charger for Acer Aspire 5","Transaction_Type":"Purchase","Quantity":"10","Transaction_Date":"2025-01-03","Remarks":"Initial stock entry for Laptop Charger for Acer Aspire 5"}]}
[2025-01-09 07:32:50] [INFO] Executing category distribution query 
[2025-01-09 07:32:50] [INFO] Category distribution data fetched {"data":[{"Category_Name":"Smartphones","product_count":"3","total_stock":"82","category_value":"7309943.00"},{"Category_Name":"Laptops","product_count":"2","total_stock":"86","category_value":"4910000.00"},{"Category_Name":"Tablets","product_count":"3","total_stock":"50","category_value":"2544965.00"},{"Category_Name":"Wearables","product_count":"2","total_stock":"15","category_value":"2039985.00"},{"Category_Name":"Accessories","product_count":"5","total_stock":"138","category_value":"376066.00"}]}
[2025-01-09 07:32:50] [INFO] Response sent successfully 
[2025-01-09 07:37:50] [INFO] Starting dashboard data fetch 
[2025-01-09 07:37:50] [INFO] Database connection successful 
[2025-01-09 07:37:50] [INFO] Executing summary query 
[2025-01-09 07:37:50] [INFO] Summary data fetched {"data":{"totalProducts":"15","totalInventoryValue":"17180959.00"}}
[2025-01-09 07:37:50] [INFO] Executing recent transactions query 
[2025-01-09 07:37:50] [INFO] Recent transactions data fetched {"data":[{"Transaction_ID":"12","Product_Name":"HP Pavilion 14","Transaction_Type":"Purchase","Quantity":"6","Transaction_Date":"2025-01-09","Remarks":"good"},{"Transaction_ID":"13","Product_Name":"Lenovo Tab Plus Wi-Fi Android Tablet","Transaction_Type":"Purchase","Quantity":"6","Transaction_Date":"2025-01-09","Remarks":"Initial stock entry for Lenovo Tab Plus Wi-Fi Android Tablet"},{"Transaction_ID":"11","Product_Name":"iPhone 14","Transaction_Type":"Purchase","Quantity":"12","Transaction_Date":"2025-01-05","Remarks":"In stock"},{"Transaction_ID":"8","Product_Name":"Lenovo Tab Plus Wi-Fi Android Tablet","Transaction_Type":"Purchase","Quantity":"20","Transaction_Date":"2025-01-03","Remarks":"Initial stock entry for Lenovo Tab Plus Wi-Fi Android Tablet"},{"Transaction_ID":"9","Product_Name":"Laptop Charger for Acer Aspire 5","Transaction_Type":"Purchase","Quantity":"10","Transaction_Date":"2025-01-03","Remarks":"Initial stock entry for Laptop Charger for Acer Aspire 5"}]}
[2025-01-09 07:37:50] [INFO] Executing category distribution query 
[2025-01-09 07:37:50] [INFO] Category distribution data fetched {"data":[{"Category_Name":"Smartphones","product_count":"3","total_stock":"82","category_value":"7309943.00"},{"Category_Name":"Laptops","product_count":"2","total_stock":"86","category_value":"4910000.00"},{"Category_Name":"Tablets","product_count":"3","total_stock":"50","category_value":"2544965.00"},{"Category_Name":"Wearables","product_count":"2","total_stock":"15","category_value":"2039985.00"},{"Category_Name":"Accessories","product_count":"5","total_stock":"138","category_value":"376066.00"}]}
[2025-01-09 07:37:50] [INFO] Response sent successfully 
[2025-01-09 07:42:50] [INFO] Starting dashboard data fetch 
[2025-01-09 07:42:50] [INFO] Database connection successful 
[2025-01-09 07:42:50] [INFO] Executing summary query 
[2025-01-09 07:42:50] [INFO] Summary data fetched {"data":{"totalProducts":"15","totalInventoryValue":"17180959.00"}}
[2025-01-09 07:42:50] [INFO] Executing recent transactions query 
[2025-01-09 07:42:50] [INFO] Recent transactions data fetched {"data":[{"Transaction_ID":"12","Product_Name":"HP Pavilion 14","Transaction_Type":"Purchase","Quantity":"6","Transaction_Date":"2025-01-09","Remarks":"good"},{"Transaction_ID":"13","Product_Name":"Lenovo Tab Plus Wi-Fi Android Tablet","Transaction_Type":"Purchase","Quantity":"6","Transaction_Date":"2025-01-09","Remarks":"Initial stock entry for Lenovo Tab Plus Wi-Fi Android Tablet"},{"Transaction_ID":"11","Product_Name":"iPhone 14","Transaction_Type":"Purchase","Quantity":"12","Transaction_Date":"2025-01-05","Remarks":"In stock"},{"Transaction_ID":"8","Product_Name":"Lenovo Tab Plus Wi-Fi Android Tablet","Transaction_Type":"Purchase","Quantity":"20","Transaction_Date":"2025-01-03","Remarks":"Initial stock entry for Lenovo Tab Plus Wi-Fi Android Tablet"},{"Transaction_ID":"9","Product_Name":"Laptop Charger for Acer Aspire 5","Transaction_Type":"Purchase","Quantity":"10","Transaction_Date":"2025-01-03","Remarks":"Initial stock entry for Laptop Charger for Acer Aspire 5"}]}
[2025-01-09 07:42:50] [INFO] Executing category distribution query 
[2025-01-09 07:42:50] [INFO] Category distribution data fetched {"data":[{"Category_Name":"Smartphones","product_count":"3","total_stock":"82","category_value":"7309943.00"},{"Category_Name":"Laptops","product_count":"2","total_stock":"86","category_value":"4910000.00"},{"Category_Name":"Tablets","product_count":"3","total_stock":"50","category_value":"2544965.00"},{"Category_Name":"Wearables","product_count":"2","total_stock":"15","category_value":"2039985.00"},{"Category_Name":"Accessories","product_count":"5","total_stock":"138","category_value":"376066.00"}]}
[2025-01-09 07:42:50] [INFO] Response sent successfully 
[2025-01-09 07:47:50] [INFO] Starting dashboard data fetch 
[2025-01-09 07:47:50] [INFO] Database connection successful 
[2025-01-09 07:47:50] [INFO] Executing summary query 
[2025-01-09 07:47:50] [INFO] Summary data fetched {"data":{"totalProducts":"15","totalInventoryValue":"17180959.00"}}
[2025-01-09 07:47:50] [INFO] Executing recent transactions query 
[2025-01-09 07:47:50] [INFO] Recent transactions data fetched {"data":[{"Transaction_ID":"12","Product_Name":"HP Pavilion 14","Transaction_Type":"Purchase","Quantity":"6","Transaction_Date":"2025-01-09","Remarks":"good"},{"Transaction_ID":"13","Product_Name":"Lenovo Tab Plus Wi-Fi Android Tablet","Transaction_Type":"Purchase","Quantity":"6","Transaction_Date":"2025-01-09","Remarks":"Initial stock entry for Lenovo Tab Plus Wi-Fi Android Tablet"},{"Transaction_ID":"11","Product_Name":"iPhone 14","Transaction_Type":"Purchase","Quantity":"12","Transaction_Date":"2025-01-05","Remarks":"In stock"},{"Transaction_ID":"8","Product_Name":"Lenovo Tab Plus Wi-Fi Android Tablet","Transaction_Type":"Purchase","Quantity":"20","Transaction_Date":"2025-01-03","Remarks":"Initial stock entry for Lenovo Tab Plus Wi-Fi Android Tablet"},{"Transaction_ID":"9","Product_Name":"Laptop Charger for Acer Aspire 5","Transaction_Type":"Purchase","Quantity":"10","Transaction_Date":"2025-01-03","Remarks":"Initial stock entry for Laptop Charger for Acer Aspire 5"}]}
[2025-01-09 07:47:50] [INFO] Executing category distribution query 
[2025-01-09 07:47:50] [INFO] Category distribution data fetched {"data":[{"Category_Name":"Smartphones","product_count":"3","total_stock":"82","category_value":"7309943.00"},{"Category_Name":"Laptops","product_count":"2","total_stock":"86","category_value":"4910000.00"},{"Category_Name":"Tablets","product_count":"3","total_stock":"50","category_value":"2544965.00"},{"Category_Name":"Wearables","product_count":"2","total_stock":"15","category_value":"2039985.00"},{"Category_Name":"Accessories","product_count":"5","total_stock":"138","category_value":"376066.00"}]}
[2025-01-09 07:47:50] [INFO] Response sent successfully 
[2025-01-09 07:52:50] [INFO] Starting dashboard data fetch 
[2025-01-09 07:52:50] [INFO] Database connection successful 
[2025-01-09 07:52:50] [INFO] Executing summary query 
[2025-01-09 07:52:50] [INFO] Summary data fetched {"data":{"totalProducts":"15","totalInventoryValue":"17180959.00"}}
[2025-01-09 07:52:50] [INFO] Executing recent transactions query 
[2025-01-09 07:52:50] [INFO] Recent transactions data fetched {"data":[{"Transaction_ID":"12","Product_Name":"HP Pavilion 14","Transaction_Type":"Purchase","Quantity":"6","Transaction_Date":"2025-01-09","Remarks":"good"},{"Transaction_ID":"13","Product_Name":"Lenovo Tab Plus Wi-Fi Android Tablet","Transaction_Type":"Purchase","Quantity":"6","Transaction_Date":"2025-01-09","Remarks":"Initial stock entry for Lenovo Tab Plus Wi-Fi Android Tablet"},{"Transaction_ID":"11","Product_Name":"iPhone 14","Transaction_Type":"Purchase","Quantity":"12","Transaction_Date":"2025-01-05","Remarks":"In stock"},{"Transaction_ID":"8","Product_Name":"Lenovo Tab Plus Wi-Fi Android Tablet","Transaction_Type":"Purchase","Quantity":"20","Transaction_Date":"2025-01-03","Remarks":"Initial stock entry for Lenovo Tab Plus Wi-Fi Android Tablet"},{"Transaction_ID":"9","Product_Name":"Laptop Charger for Acer Aspire 5","Transaction_Type":"Purchase","Quantity":"10","Transaction_Date":"2025-01-03","Remarks":"Initial stock entry for Laptop Charger for Acer Aspire 5"}]}
[2025-01-09 07:52:50] [INFO] Executing category distribution query 
[2025-01-09 07:52:50] [INFO] Category distribution data fetched {"data":[{"Category_Name":"Smartphones","product_count":"3","total_stock":"82","category_value":"7309943.00"},{"Category_Name":"Laptops","product_count":"2","total_stock":"86","category_value":"4910000.00"},{"Category_Name":"Tablets","product_count":"3","total_stock":"50","category_value":"2544965.00"},{"Category_Name":"Wearables","product_count":"2","total_stock":"15","category_value":"2039985.00"},{"Category_Name":"Accessories","product_count":"5","total_stock":"138","category_value":"376066.00"}]}
[2025-01-09 07:52:50] [INFO] Response sent successfully 
[2025-01-09 07:57:50] [INFO] Starting dashboard data fetch 
[2025-01-09 07:57:50] [INFO] Database connection successful 
[2025-01-09 07:57:50] [INFO] Executing summary query 
[2025-01-09 07:57:50] [INFO] Summary data fetched {"data":{"totalProducts":"15","totalInventoryValue":"17180959.00"}}
[2025-01-09 07:57:50] [INFO] Executing recent transactions query 
[2025-01-09 07:57:50] [INFO] Recent transactions data fetched {"data":[{"Transaction_ID":"12","Product_Name":"HP Pavilion 14","Transaction_Type":"Purchase","Quantity":"6","Transaction_Date":"2025-01-09","Remarks":"good"},{"Transaction_ID":"13","Product_Name":"Lenovo Tab Plus Wi-Fi Android Tablet","Transaction_Type":"Purchase","Quantity":"6","Transaction_Date":"2025-01-09","Remarks":"Initial stock entry for Lenovo Tab Plus Wi-Fi Android Tablet"},{"Transaction_ID":"11","Product_Name":"iPhone 14","Transaction_Type":"Purchase","Quantity":"12","Transaction_Date":"2025-01-05","Remarks":"In stock"},{"Transaction_ID":"8","Product_Name":"Lenovo Tab Plus Wi-Fi Android Tablet","Transaction_Type":"Purchase","Quantity":"20","Transaction_Date":"2025-01-03","Remarks":"Initial stock entry for Lenovo Tab Plus Wi-Fi Android Tablet"},{"Transaction_ID":"9","Product_Name":"Laptop Charger for Acer Aspire 5","Transaction_Type":"Purchase","Quantity":"10","Transaction_Date":"2025-01-03","Remarks":"Initial stock entry for Laptop Charger for Acer Aspire 5"}]}
[2025-01-09 07:57:50] [INFO] Executing category distribution query 
[2025-01-09 07:57:50] [INFO] Category distribution data fetched {"data":[{"Category_Name":"Smartphones","product_count":"3","total_stock":"82","category_value":"7309943.00"},{"Category_Name":"Laptops","product_count":"2","total_stock":"86","category_value":"4910000.00"},{"Category_Name":"Tablets","product_count":"3","total_stock":"50","category_value":"2544965.00"},{"Category_Name":"Wearables","product_count":"2","total_stock":"15","category_value":"2039985.00"},{"Category_Name":"Accessories","product_count":"5","total_stock":"138","category_value":"376066.00"}]}
[2025-01-09 07:57:50] [INFO] Response sent successfully 
